# exit code: 0
# stdout:
9
5
false
true
true
false
foobarbaz

# stderr:

