# exit code: 0
# stdout:
"I'm not a method"

# stderr:

