# exit code: 0
# stdout:
Enjoy your cup of coffee and chicory

# stderr:

