# exit code: 65
# stdout:

# stderr:
[line 2] Error at ';': Expect expression.
[line 4] Error at end: Expect ')' after arguments.

