# exit code: 70
# stdout:

# stderr:
Undefined variable 'no_such_var'.
[line 1] in <script>

