# exit code: 65
# stdout:

# stderr:
[line 2] Error at '=': Invalid assignment target.

