# exit code: 65
# stdout:

# stderr:
Runtime error: Operands must be two numbers or two strings.
[line 1] in <script>

