# exit code: 65
# stdout:

# stderr:
Runtime error: Superclass must be a class.
[line 2] in <script>

