# exit code: 65
# stdout:

# stderr:
Runtime error: Only instances have properties.
[line 2] in <script>

