# exit code: 0
# stdout:
"yes"
"good"

# stderr:

