# exit code: 0
# stdout:
"while looper"
0
"while looper"
1
"while looper"
2
"while looper"
3
"naked for looper"
4
"naked for looper"
3
"naked for looper"
2
"naked for looper"
1
"for looper"
0
"for looper"
1
"for looper"
2

# stderr:

