# exit code: 70
# stdout:
foobar
shadowed
foo

# stderr:
Undefined variable 'l1'.
[line 15] in <script>

