# exit code: 0
# stdout:
"A method"
"/////"
"X"

# stderr:

