# exit code: 0
# stdout:
Hi, Dear Reader!
fibu:
0
1
1
2
3
5
8
13
21
34
closure:
1
2

# stderr:

