# exit code: 1
# stdout:

# stderr:
[line 1] Error: A class can't inherit from itself.
exit status 65

