# exit code: 0
# stdout:
Fry until golden brown.
Pipe full of custard and coat with chocolate.
