# exit code: 0
# stdout:
0
1
2
3
4
done while
fibonacci:
0
1
1
2
3
5
8
13

# stderr:

