# exit code: 1
# stdout:
[line 3] Error: : Can't use 'super' in a class with no superclass.
[line 8] Error: : Can't use 'super' outside of a class.
