# exit code: 1
# stdout:

# stderr:
[line 2] Error at 'this': Can't use 'this' outside of a class.
[line 5] Error at 'this': Can't use 'this' outside of a class.
exit status 65

