# exit code: 1
# stdout:
[line 16] Error: : Can't read local variable in its own initializer.
[line 23] Error: : Already a variable with this name in this scope.
global
global
